<html>
<body>
<pre>
<h1>µVision Build Log</h1>
<h2>Tool Versions:</h2>
IDE-Version: µVision V5.31.0.0
Copyright (C) 2020 ARM Ltd and ARM Germany GmbH. All rights reserved.
License Information: Saeed Deso, none, LIC=----
 
Tool Versions:
Toolchain:       MDK-Lite  Version: 5.31.0.0
Toolchain Path:  C:\Keil_v5\ARM\ARMCC\Bin
C Compiler:      Armcc.exe V5.06 update 6 (build 750)
Assembler:       Armasm.exe V5.06 update 6 (build 750)
Linker/Locator:  ArmLink.exe V5.06 update 6 (build 750)
Library Manager: ArmAr.exe V5.06 update 6 (build 750)
Hex Converter:   FromElf.exe V5.06 update 6 (build 750)
CPU DLL:         SARMCM3.DLL V5.31.0.0
Dialog DLL:      DCM.DLL V1.17.3.0
Target DLL:      UL2CM3.DLL V1.163.4.0
Dialog DLL:      TCM.DLL V1.46.0.0
 
<h2>Project:</h2>
H:\FREELANCERING\UPWORKS\FirstJob\lab1_keil\lab1.uvprojx
Project File Date:  09/22/2020

<h2>Output:</h2>
*** Using Compiler 'V5.06 update 6 (build 750)', folder: 'C:\Keil_v5\ARM\ARMCC\Bin'
Rebuild target 'Target 1'
assembling main.s...
main.s(182): warning: A1609W: MOV <rd>,pc instruction does not set bit zero, so does not create a return address
main.s(226): warning: A1581W: Added 2 bytes of padding at address 0x66
linking...
.\Objects\lab1.axf: Warning: L6305W: Image does not have an entry point. (Not specified or not set due to multiple choices.)
.\Objects\lab1.sct(8): warning: L6314W: No section matches pattern *(InRoot$$Sections).
Program Size: Code=176 RO-data=256 RW-data=0 ZI-data=1024  
Finished: 0 information, 2 warning and 0 error messages.
".\Objects\lab1.axf" - 0 Error(s), 4 Warning(s).

<h2>Software Packages used:</h2>

Package Vendor: SiliconLabs
                https://www.silabs.com/documents/public/cmsis-packs/SiliconLabs.GeckoPlatform_EFM32GG_DFP.3.0.0.pack
                SiliconLabs.GeckoPlatform_EFM32GG_DFP.3.0.0
                Silicon Labs EFM32GG Giant Gecko Series Device Support.

<h2>Collection of Component include folders:</h2>
  C:\Users\BNDesouky\AppData\Local\Arm\Packs\SiliconLabs\GeckoPlatform_EFM32GG_DFP\3.0.0\Device\SiliconLabs\EFM32GG\Include

<h2>Collection of Component Files used:</h2>
Build Time Elapsed:  00:00:00
</pre>
</body>
</html>
