Component: ARM Compiler 5.06 update 6 (build 750) Tool: armlink [4d35ed]

==============================================================================

Section Cross References

    main.o(RESET) refers to main.o(STACK) for __initial_sp
    main.o(RESET) refers to main.o(.text) for Main
    main.o(CALL_DELAY_FUNCTION) refers to main.o(MY_DELAY_FUNCTION) for MY_DELAY_FUNCTION
    main.o(REVERCE_BYTE_ORDER_64_BIT_FUNCTION) refers to main.o(.text) for Variable_64
    main.o(.text) refers to main.o(MY_DELAY_FUNCTION) for MY_DELAY_FUNCTION
    main.o(.text) refers to main.o(CALL_DELAY_FUNCTION) for CALL_DELAY_FUNCTION
    main.o(.text) refers to main.o(REVERCE_BYTE_ORDER_64_BIT_FUNCTION) for REVERCE_BYTE_ORDER_64_BIT_FUNCTION


==============================================================================

Image Symbol Table

    Local Symbols

    Symbol Name                              Value     Ov Type        Size  Object(Section)

    RESET                                    0x00000000   Section        8  main.o(RESET)
    main.s                                   0x00000000   Number         0  main.o ABSOLUTE
    .text                                    0x00000100   Section      108  main.o(.text)
    Main                                     0x00000101   Thumb Code     0  main.o(.text)
    Variable_64                              0x00000154   Data           8  main.o(.text)
    CALL_DELAY_FUNCTION                      0x0000016c   Section        8  main.o(CALL_DELAY_FUNCTION)
    MY_DELAY_FUNCTION                        0x00000174   Section       16  main.o(MY_DELAY_FUNCTION)
    REVERCE_BYTE_ORDER_64_BIT_FUNCTION       0x00000184   Section       44  main.o(REVERCE_BYTE_ORDER_64_BIT_FUNCTION)
    STACK                                    0x20000000   Section     1024  main.o(STACK)
    __initial_sp                             0x20000400   Data           0  main.o(STACK)

    Global Symbols

    Symbol Name                              Value     Ov Type        Size  Object(Section)

    BuildAttributes$$THM_ISAv4$P$D$K$B$S$PE$A:L22UL41UL21$X:L11$S22US41US21$IEEE1$IW$USESV6$~STKCKD$USESV7$~SHL$OSPACE$EBA8$STANDARDLIB$EABIv2 0x00000000   Number         0  anon$$obj.o ABSOLUTE



==============================================================================

Memory Map of the image

  Image entry point : Not specified.

  Load Region LR_IROM1 (Base: 0x00000000, Size: 0x000001b0, Max: 0x00100000, ABSOLUTE)

    Execution Region ER_IROM1 (Exec base: 0x00000000, Load base: 0x00000000, Size: 0x000001b0, Max: 0x00100000, ABSOLUTE)

    Exec Addr    Load Addr    Size         Type   Attr      Idx    E Section Name        Object

    0x00000000   0x00000000   0x00000008   Data   RO            2    RESET               main.o
    0x00000008   0x00000008   0x000000f8   PAD
    0x00000100   0x00000100   0x0000006c   Code   RO            6    .text               main.o
    0x0000016c   0x0000016c   0x00000008   Code   RO            3    CALL_DELAY_FUNCTION  main.o
    0x00000174   0x00000174   0x00000010   Code   RO            4    MY_DELAY_FUNCTION   main.o
    0x00000184   0x00000184   0x0000002c   Code   RO            5    REVERCE_BYTE_ORDER_64_BIT_FUNCTION  main.o


    Execution Region RW_IRAM1 (Exec base: 0x20000000, Load base: 0x000001b0, Size: 0x00000400, Max: 0x00020000, ABSOLUTE)

    Exec Addr    Load Addr    Size         Type   Attr      Idx    E Section Name        Object

    0x20000000        -       0x00000400   Zero   RW            1    STACK               main.o


==============================================================================

Image component sizes


      Code (inc. data)   RO Data    RW Data    ZI Data      Debug   Object Name

       176         22          8          0       1024        944   main.o

    ----------------------------------------------------------------------
       176         22        256          0       1024        944   Object Totals
         0          0          0          0          0          0   (incl. Generated)
         0          0        248          0          0          0   (incl. Padding)

    ----------------------------------------------------------------------
         0          0          0          0          0          0   Library Totals
         0          0          0          0          0          0   (incl. Padding)

    ----------------------------------------------------------------------

==============================================================================


      Code (inc. data)   RO Data    RW Data    ZI Data      Debug   

       176         22        256          0       1024        944   Grand Totals
       176         22        256          0       1024        944   ELF Image Totals
       176         22        256          0          0          0   ROM Totals

==============================================================================

    Total RO  Size (Code + RO Data)                  432 (   0.42kB)
    Total RW  Size (RW Data + ZI Data)              1024 (   1.00kB)
    Total ROM Size (Code + RO Data + RW Data)        432 (   0.42kB)

==============================================================================

